[www.icmarkets.com/global/en/index.html]
[backblue.gif]
[fade.gif]
[index.html]
[polyfill.io/v3/polyfill.minb43c.js]
[www.icmarkets.com/css/bootstrap-icm-build84a7.css]
[www.icmarkets.com/css/styleee15.css]
[www.icmarkets.com/css/navigation2f87.css]
[www.icmarkets.com/home/css/static-home577d.css]
[cdn.taboola.com/libtrc/unip/1231667/tfa.js]
[cdnjs.cloudflare.com/ajax/libs/jquery/3.3.1/jquery.min.js]
[connect.facebook.net/en_US/fbevents.js]
[www.icmarkets.com/global/en/open-trading-account/live.html]
[www.icmarkets.com/global/en/open-trading-account/demo.html]
[www.icmarkets.com/global/en/company/contact-us.html]
[www.icmarkets.com/img/flags/en.jpg]
[www.icmarkets.com/img/flags/cn.jpg]
[www.icmarkets.com/global/en/index9d13.html]
[www.icmarkets.com/img/flags/th.jpg]
[www.icmarkets.com/img/flags/id.jpg]
[www.icmarkets.com/img/flags/ko.jpg]
[www.icmarkets.com/img/flags/de.jpg]
[www.icmarkets.com/img/flags/fr.jpg]
[www.icmarkets.com/img/flags/pt.jpg]
[www.icmarkets.com/img/flags/es.jpg]
[www.icmarkets.com/img/flags/vn.jpg]
[www.icmarkets.com/img/flags/ru.jpg]
[www.icmarkets.com/img/flags/ar.jpg]
[www.icmarkets.com/img/flags/my.jpg]
[www.icmarkets.com/img/flags/it.jpg]
[www.icmarkets.com/img/flags/bg.jpg]
[www.icmarkets.com/img/flags/hr.jpg]
[www.icmarkets.com/img/flags/tw.jpg]
[www.icmarkets.com/global/en/company/why-icmarkets.html]
[www.icmarkets.com/global/en/trading-markets/range-of-markets.html]
[www.icmarkets.com/global/en/trading-pricing/spreads.html]
[www.icmarkets.com/global/en/introduction/forex-trading.html]
[www.icmarkets.com/global/en/trading-accounts/funding.html]
[www.icmarkets.com/global/en/trading-accounts/withdrawal.html]
[www.icmarkets.com/global/en/forex-trading-platform-metatrader/metatrader-4.html]
[www.icmarkets.com/global/en/forex-trading-platform-ctrader/ctrader-windows.html]
[www.icmarkets.com/global/en/forex-trading-platform/myfxbook-autotrade.html]
[www.icmarkets.com/global/en/zulutrade.html]
[www.icmarkets.com/global/en/trading-accounts/overview.html]
[www.icmarkets.com/global/en/trading-accounts/raw-spread-account.html]
[www.icmarkets.com/global/en/trading-accounts/ctrader-raw.html]
[www.icmarkets.com/global/en/trading-accounts/standard-account.html]
[www.icmarkets.com/global/en/trading-accounts/islamic-account.html]
[www.icmarkets.com/global/en/trading-markets/forex.html]
[www.icmarkets.com/global/en/trading-markets/commodities.html]
[www.icmarkets.com/global/en/trading-markets/indices.html]
[www.icmarkets.com/global/en/trading-markets/bonds.html]
[www.icmarkets.com/global/en/trading-markets/digitalcurrency.html]
[www.icmarkets.com/global/en/trading-markets/stocks.html]
[www.icmarkets.com/global/en/trading-markets/futures.html]
[www.icmarkets.com/global/en/trading-pricing/trading-conditions.html]
[www.icmarkets.com/global/en/trading-pricing/trading-hours.html]
[www.icmarkets.com/global/en/trading-pricing/swap-rates.html]
[www.icmarkets.com/global/en/forex-trading-platform-metatrader/metatrader-5.html]
[www.icmarkets.com/global/en/forex-trading-platform-metatrader/web-trader.html]
[www.icmarkets.com/global/en/forex-trading-platform-metatrader/iphone.html]
[www.icmarkets.com/global/en/forex-trading-platform-metatrader/android.html]
[www.icmarkets.com/global/en/forex-trading-platform-metatrader/apple-mac.html]
[www.icmarkets.com/global/en/forex-trading-platform-ctrader/ctrader-web.html]
[www.icmarkets.com/global/en/forex-trading-platform-ctrader/ctrader-iphone.html]
[www.icmarkets.com/global/en/forex-trading-platform-ctrader/ctrader-android.html]
[www.icmarkets.com/global/en/forex-trading-platform-ctrader/calgo.html]
[www.icmarkets.com/global/en/forex-trading-tools/mam-pamm.html]
[www.icmarkets.com/global/en/forex-trading-tools/virtual-private-server.html]
[www.icmarkets.com/global/en/forex-trading-tools/trading-servers.html]
[www.icmarkets.com/global/en/forex-trading-tools/mt4-advanced-trading-tools.html]
[www.icmarkets.com/global/en/company/about-icmarkets.html]
[www.icmarkets.com/global/en/company/regulation.html]
[www.icmarkets.com/global/en/company/insurance.html]
[www.icmarkets.com/global/en/education/education-overview.html]
[www.icmarkets.com/global/en/education/advantages-of-forex.html]
[www.icmarkets.com/global/en/education/advantages-of-cfds.html]
[www.icmarkets.com/global/en/education/video-tutorials.html]
[www.icmarkets.com/global/en/education/web-tv.html]
[www.icmarkets.com/global/en/help-resources/forex-calculators.html]
[www.icmarkets.com/global/en/help-resources/economic-calendar.html]
[www.icmarkets.com/global/en/help-resources/help-centre.html]
[www.icmarkets.com/global/en/help-resources/forex-glossary.html]
[www.icmarkets.com/global/en/help-resources/teamviewer.html]
[www.icmarkets.com/global/en/company/legal-documents.html]
[www.icmarkets.com/css/components/popup-special5731.css]
[www.icmarkets.com/assets/img/single_market_page/overview_header_bg.jpg]
[www.icmarkets.com/assets/img/single_market_page/account_funding_bg.jpg]
[www.icmarkets.com/assets/img/single_market_page/trading-conditions-banner.jpg]
[www.icmarkets.com/assets/img/single_market_page/mt5-banner.jpg]
[www.icmarkets.com/assets/img/single_market_page/help-centre-banner.jpg]
[www.icmarkets.com/global/en/help-resources/help-centreb422.html]
[www.icmarkets.com/global/en/help-resources/help-centre1508.html]
[www.icmarkets.com/global/en/help-resources/help-centre91a4.html]
[www.icmarkets.com/global/en/help-resources/help-centre91d8.html]
[www.icmarkets.com/global/en/help-resources/help-centre7096.html]
[www.icmarkets.com/global/en/help-resources/help-centre6034.html]
[www.icmarkets.com/global/en/help-resources/help-centre6c10.html]
[www.icmarkets.com/global/en/help-resources/help-centre72ac.html]
[www.icmarkets.com/global/en/help-resources/help-centre2265.html]
[www.icmarkets.com/global/en/help-resources/help-centre8d48.html]
[www.icmarkets.com/global/en/help-resources/help-centre2d89.html]
[www.icmarkets.com/global/en/help-resources/help-centre253d.html]
[www.icmarkets.com/global/en/help-resources/help-centre5213.html]
[www.icmarkets.com/global/en/help-resources/help-centre8cc8.html]
[www.icmarkets.com/global/en/help-resources/help-centre7cc7.html]
[www.icmarkets.com/global/en/help-resources/help-centredf62.html]
[cdnjs.cloudflare.com/ajax/libs/bootstrap-hover-dropdown/2.2.1/bootstrap-hover-dropdown.min.js]
[stackpath.bootstrapcdn.com/bootstrap/3.3.7/js/bootstrap.min.js]
[widget.trustpilot.com/bootstrap/v5/tp.widget.bootstrap.min.js]
[cdnjs.cloudflare.com/ajax/libs/js-cookie/2.2.0/js.cookie.min.js]
[js.hs-scripts.com/5513800.js]
[www.icmarkets.com/js/main7e87.js]
[cdn.jsdelivr.net/npm/signalr@2.3.0/jquery.signalR.min.js]
[www.icmarkets.com/global/en/index.html]
[www.icmarkets.com/home/js/static-homed78b.js]
[www.icmarkets.com/icons/svg/Dropdown.png]
[www.icmarkets.com/icm-open-account/img/platform-mt5.png]
[www.icmarkets.com/css/bootstrap-icm-build84a7.css]
[www.icmarkets.com/assets/img/more-page-header.png]
[www.icmarkets.com/img/qq-logo.png]
[www.icmarkets.com/img/lc-logo.png]
[www.icmarkets.com/Zendesk/images/zd-logo.png]
[www.icmarkets.com/assets/img/banners/banner_1.png]
[www.icmarkets.com/assets/img/banners/banner_2.png]
[www.icmarkets.com/assets/img/banners/banner_3.png]
[www.icmarkets.com/global/en/css/_/assets/img/single_market_page/icon-market.png]
[www.icmarkets.com/global/en/css/_/assets/img/single_market_page/forex-small.png]
[www.icmarkets.com/global/en/css/_/assets/img/single_market_page/comodity-small.png]
[www.icmarkets.com/global/en/css/_/assets/img/single_market_page/indice-small.png]
[www.icmarkets.com/global/en/css/_/assets/img/single_market_page/bond-small.png]
[www.icmarkets.com/global/en/css/_/assets/img/single_market_page/btc-small.png]
[www.icmarkets.com/global/en/css/_/assets/img/single_market_page/stock-small.png]
[www.icmarkets.com/img/single_market_page/footBanr.jpg]
[www.icmarkets.com/img/footer/facebook.png]
[www.icmarkets.com/img/footer/twitter.png]
[www.icmarkets.com/img/footer/instagram.png]
[www.icmarkets.com/img/footer/google-plus.png]
[www.icmarkets.com/css/styleee15.css]
[www.icmarkets.com/css/navigation2f87.css]
[www.icmarkets.com/home/img/logo.png]
[www.icmarkets.com/css/maske442.css]
[www.icmarkets.com/home/img/icmHeaderBg.jpg]
[www.icmarkets.com/home/img/increase.png]
[www.icmarkets.com/home/img/decrease.png]
[www.icmarkets.com/home/img/sectn1Img.png]
[www.icmarkets.com/home/img/sectn2Img.png]
[www.icmarkets.com/home/img/sectn3Img.png]
[www.icmarkets.com/home/img/sectn4Img.png]
[www.icmarkets.com/home/img/sectn5Img.png]
[www.icmarkets.com/home/img/sectn6Img.png]
[www.icmarkets.com/home/img/iconWin.png]
[www.icmarkets.com/home/img/iconApple.png]
[www.icmarkets.com/home/img/iconAndr.png]
[www.icmarkets.com/home/img/iconBrowsr.png]
[www.icmarkets.com/home/img/iconMobPad.png]
[www.icmarkets.com/home/img/mt5.png]
[www.icmarkets.com/home/img/mt4.png]
[www.icmarkets.com/home/img/cTrader.png]
[www.icmarkets.com/home/img/master.jpg]
[www.icmarkets.com/home/img/visa.png]
[www.icmarkets.com/home/img/paypal.png]
[www.icmarkets.com/home/img/skrill.png]
[www.icmarkets.com/home/img/neteller.png]
[www.icmarkets.com/home/img/unionpay.png]
[www.icmarkets.com/home/img/bPay.png]
[www.icmarkets.com/home/img/fasapay.png]
[www.icmarkets.com/home/img/webmoney.png]
[www.icmarkets.com/home/img/png/nab-logo.png]
[www.icmarkets.com/home/img/png/westpac-logo.png]
[www.icmarkets.com/home/img/png/cwbank-logo.png]
[www.icmarkets.com/home/img/break1.png]
[www.icmarkets.com/home/img/break2.png]
[www.icmarkets.com/home/img/btmCtaBg.png]
[www.icmarkets.com/home/img/png/slider/1.png]
[www.icmarkets.com/home/img/png/slider/2.png]
[www.icmarkets.com/home/img/png/slider/3.png]
[www.icmarkets.com/home/img/png/slider/4.png]
[www.icmarkets.com/home/img/png/slider/5.png]
[www.icmarkets.com/home/img/png/slider/6.png]
[www.icmarkets.com/home/img/png/slider/7.png]
[www.icmarkets.com/home/img/png/slider/8.png]
[www.icmarkets.com/home/img/png/slider/9.png]
[www.icmarkets.com/home/img/png/slider/10.png]
[www.icmarkets.com/home/img/png/slider/11.png]
[www.icmarkets.com/home/img/png/slider/12.png]
[www.icmarkets.com/home/img/png/slider/13.png]
[www.icmarkets.com/home/img/png/slider/14.png]
[www.icmarkets.com/home/img/png/slider/15.png]
[www.icmarkets.com/home/img/iphones.png]
[www.icmarkets.com/home/img/appleStore.png]
[www.icmarkets.com/home/img/GoogleStore.png]
[www.icmarkets.com/home/img/Speech-bubble-icon.gif]
[www.icmarkets.com/home/css/static-home577d.css]
[www.icmarkets.com/global/en/c]
[www.icmarkets.com/global/en/b]
[www.icmarkets.com/global/en/POST]
[connect.facebook.net/en_US/fbevents.js]
[www.icmarkets.com/icm-open-account/css/font-awesome.mina1c0.css]
[www.icmarkets.com/icm-open-account/css/jquery.mCustomScrollbar.min125b.css]
[www.icmarkets.com/icm-open-account/css/icm-open-account-bundlea65d.css]
[www.icmarkets.com/icm-open-account/css/landing-page-template-bundleada9.css]
[www.icmarkets.com/icm-open-account/css/static-livee289.css]
[www.icmarkets.com/css/components/popup-modal8bca.css]
[www.icmarkets.com/global/en/open-trading-account/live9d13.html]
[www.icmarkets.com/icm-open-account/icons/Metatrader.png]
[www.icmarkets.com/icm-open-account/icons/cTrader.png]
[www.icmarkets.com/icm-open-account/js/js.cookie.min6860.js]
[www.paypalobjects.com/api/checkout.js]
[js.braintreegateway.com/web/3.37.0/js/client.min.js]
[js.braintreegateway.com/web/3.37.0/js/paypal-checkout.min.js]
[connect.facebook.net/en_US/sdk.js]
[appleid.cdn-apple.com/appleauth/static/jsapi/appleid/1/en_US/appleid.auth.js]
[www.icmarkets.com/icm-open-account/js/static-live5cc9.js]
[www.icmarkets.com/icm-open-account/js/jquery.mCustomScrollbar.min8c20.js]
[www.icmarkets.com/icm-open-account/js/parsley.min1ef2.js]
[www.icmarkets.com/icm-open-account/js/live9f39.js]
[apis.google.com/js/platformeab2.js]
[www.icmarkets.com/global/en/open-trading-account/live.html]
[www.icmarkets.com/icm-open-account/css/static-demo302b.css]
[www.icmarkets.com/global/en/open-trading-account/demo9d13.html]
[www.icmarkets.com/icm-open-account/js/static-demo06b8.js]
[www.icmarkets.com/global/en/open-trading-account/demo.html]
[www.icmarkets.com/icm-open-account/js/demo5980.js]
[www.icmarkets.com/css/pages/contact-us4cec.css]
[www.icmarkets.com/css/components/contact-us-form646a.css]
[www.icmarkets.com/global/en/company/contact-us9d13.html]
[www.icmarkets.com/img/contactus/contact-us-gmap.png]
[www.icmarkets.com/global/en/company/contact-us.html]
[www.icmarkets.com/global/en/index9d13.html]
[www.icmarkets.com/css/pages/why-icmarketsa45e.css]
[www.icmarkets.com/global/en/company/why-icmarkets.html]
[www.icmarkets.com/global/en/company/why-icmarkets9d13.html]
[www.icmarkets.com/css/pages/range-of-markets192e.css]
[www.icmarkets.com/global/en/trading-markets/range-of-markets.html]
[www.icmarkets.com/global/en/trading-markets/range-of-markets9d13.html]
[www.icmarkets.com/css/pages/spreadsdf71.css]
[www.icmarkets.com/css/components/forex-spread-tableae87.css]
[www.icmarkets.com/css/components/spread-table-component11a4.css]
[www.icmarkets.com/css/components/commodities-spread-table57d8.css]
[www.icmarkets.com/css/components/indices-spread-table99ad.css]
[www.icmarkets.com/css/components/metals-spread-tabled35d.css]
[www.icmarkets.com/css/components/bonds-spread-tablef30c.css]
[www.icmarkets.com/css/components/cryptocurrency-spread-tablee35a.css]
[www.icmarkets.com/global/en/trading-pricing/spreads9d13.html]
[www.icmarkets.com/global/en/trading-pricing/spreads.html]
[www.icmarkets.com/css/pages/forex-trading3ff5.css]
[www.icmarkets.com/global/en/introduction/forex-trading.html]
[www.icmarkets.com/global/en/introduction/forex-trading9d13.html]
[www.icmarkets.com/css/pages/fundingd310.css]
[www.icmarkets.com/css/components/deposit-card6521.css]
[www.icmarkets.com/global/en/trading-accounts/funding9d13.html]
[www.icmarkets.com/global/en/trading-accounts/funding.html]
[www.icmarkets.com/global/en/trading-accounts/funding-netellervip.html]
[www.icmarkets.com/css/pages/withdrawaldf3b.css]
[www.icmarkets.com/global/en/trading-accounts/withdrawal.html]
[www.icmarkets.com/global/en/trading-accounts/withdrawal9d13.html]
[www.icmarkets.com/global/en/forex-trading-platform-metatrader/metatrader-4.html]
[www.icmarkets.com/css/pages/metatrader-413eb.css]
[www.icmarkets.com/global/en/forex-trading-platform-metatrader/metatrader-49d13.html]
[www.icmarkets.com/css/pages/ctrader-windowsb971.css]
[www.icmarkets.com/global/en/forex-trading-platform-ctrader/ctrader-windows9d13.html]
[www.icmarkets.com/global/en/forex-trading-platform-ctrader/ctrader-windows.html]
[www.icmarkets.com/global/en/forex-trading-platform-ctrader/smart-stop-out.html]
[www.icmarkets.com/css/pages/myfxbook-autotraded3a7.css]
[www.icmarkets.com/global/en/forex-trading-platform/myfxbook-autotrade9d13.html]
[www.icmarkets.com/global/en/forex-trading-platform/myfxbook-autotrade.html]
[www.icmarkets.com/global/en/open-trading-account/livee1e7.html]
[www.icmarkets.com/css/pages/zulutrade24b5.css]
[www.icmarkets.com/global/en/zulutrade9d13.html]
[www.icmarkets.com/global/en/open-trading-account/livefda2.html]
[www.icmarkets.com/global/en/zulutrade.html]
[www.icmarkets.com/global/en/open-trading-account/livecd9f.html]
[www.icmarkets.com/css/pages/overview27d6.css]
[www.icmarkets.com/global/en/trading-accounts/overview.html]
[www.icmarkets.com/global/en/trading-accounts/overview9d13.html]
[www.icmarkets.com/css/pages/true-ecn-account8ec6.css]
[www.icmarkets.com/global/en/trading-accounts/raw-spread-account.html]
[www.icmarkets.com/global/en/trading-accounts/raw-spread-account9d13.html]
[www.icmarkets.com/css/pages/ctrader-ecn0774.css]
[www.icmarkets.com/global/en/trading-accounts/ctrader-raw.html]
[www.icmarkets.com/global/en/trading-accounts/ctrader-raw9d13.html]
[www.icmarkets.com/css/pages/standard-account0e17.css]
[www.icmarkets.com/global/en/trading-accounts/standard-account.html]
[www.icmarkets.com/global/en/trading-accounts/standard-account9d13.html]
[www.icmarkets.com/css/pages/islamic-account20c8.css]
[www.icmarkets.com/global/en/trading-accounts/islamic-account.html]
[www.icmarkets.com/global/en/trading-accounts/islamic-account9d13.html]
[www.icmarkets.com/css/pages/forex7f00.css]
[www.icmarkets.com/global/en/trading-markets/forex.html]
[www.icmarkets.com/global/en/trading-markets/forex9d13.html]
[www.icmarkets.com/css/pages/commodities549f.css]
[www.icmarkets.com/global/en/trading-markets/commodities.html]
[www.icmarkets.com/global/en/trading-markets/commodities9d13.html]
[www.icmarkets.com/css/pages/indices5d04.css]
[www.icmarkets.com/global/en/trading-markets/indices.html]
[www.icmarkets.com/global/en/trading-markets/indices9d13.html]
[www.icmarkets.com/css/pages/bondsa91b.css]
[www.icmarkets.com/global/en/trading-markets/bonds.html]
[www.icmarkets.com/global/en/trading-markets/bonds9d13.html]
[www.icmarkets.com/css/pages/cryptocurrencye71d.css]
[www.icmarkets.com/global/en/trading-markets/digitalcurrency.html]
[www.icmarkets.com/global/en/trading-markets/digitalcurrency9d13.html]
[www.icmarkets.com/css/pages/stocks2e6a.css]
[www.icmarkets.com/css/components/stocks1-table4427.css]
[www.icmarkets.com/css/components/stocks2-tablec5c9.css]
[www.icmarkets.com/css/components/stocks3-tablec761.css]
[www.icmarkets.com/global/en/trading-markets/stocks9d13.html]
[www.icmarkets.com/global/en/trading-markets/stocks.html]
[www.icmarkets.com/css/pages/futures5c40.css]
[www.icmarkets.com/global/en/trading-markets/futures.html]
[www.icmarkets.com/css/pages/trading-conditions9f2f.css]
[www.icmarkets.com/global/en/trading-markets/futures9d13.html]
[www.icmarkets.com/global/en/trading-pricing/trading-conditions.html]
[www.icmarkets.com/global/en/trading-pricing/trading-conditions9d13.html]
[www.icmarkets.com/css/pages/trading-hoursd538.css]
[www.icmarkets.com/global/en/trading-pricing/trading-hours.html]
[www.icmarkets.com/global/en/trading-pricing/trading-hours9d13.html]
[www.icmarkets.com/css/pages/swap-rates46a3.css]
[www.icmarkets.com/global/en/trading-pricing/swap-rates.html]
[www.icmarkets.com/global/en/trading-pricing/swap-rates9d13.html]
[www.icmarkets.com/css/pages/metatrader-58dcf.css]
[www.icmarkets.com/global/en/forex-trading-platform-metatrader/metatrader-5.html]
[www.icmarkets.com/global/en/forex-trading-platform-metatrader/metatrader-59d13.html]
[www.icmarkets.com/css/pages/metatrader-web9380.css]
[www.icmarkets.com/global/en/forex-trading-platform-metatrader/web-trader.html]
[www.icmarkets.com/global/en/forex-trading-platform-metatrader/web-trader9d13.html]
[www.icmarkets.com/css/pages/metatrader-iphone1bb5.css]
[www.icmarkets.com/global/en/forex-trading-platform-metatrader/iphone.html]
[www.icmarkets.com/global/en/forex-trading-platform-metatrader/iphone9d13.html]
[www.icmarkets.com/css/pages/metatrader-android0706.css]
[www.icmarkets.com/global/en/forex-trading-platform-metatrader/android.html]
[www.icmarkets.com/global/en/forex-trading-platform-metatrader/android9d13.html]
[www.icmarkets.com/css/pages/metatrader-mac168f.css]
[www.icmarkets.com/global/en/forex-trading-platform-metatrader/apple-mac.html]
[www.icmarkets.com/global/en/forex-trading-platform-metatrader/apple-mac9d13.html]
[www.icmarkets.com/css/pages/ctrader-webadfd.css]
[www.icmarkets.com/global/en/forex-trading-platform-ctrader/ctrader-web.html]
[www.icmarkets.com/global/en/forex-trading-platform-ctrader/ctrader-web9d13.html]
[www.icmarkets.com/css/pages/ctrader-iphoneb72a.css]
[www.icmarkets.com/global/en/forex-trading-platform-ctrader/ctrader-iphone.html]
[www.icmarkets.com/global/en/forex-trading-platform-ctrader/ctrader-iphone9d13.html]
[www.icmarkets.com/css/pages/ctrader-android3e37.css]
[www.icmarkets.com/global/en/forex-trading-platform-ctrader/ctrader-android.html]
[www.icmarkets.com/global/en/forex-trading-platform-ctrader/ctrader-android9d13.html]
[www.icmarkets.com/css/pages/calgo8b18.css]
[www.icmarkets.com/global/en/forex-trading-platform-ctrader/calgo.html]
[www.icmarkets.com/global/en/forex-trading-platform-ctrader/calgo9d13.html]
[www.icmarkets.com/css/pages/mam-pamm2f2f.css]
[www.icmarkets.com/global/en/forex-trading-tools/mam-pamm.html]
[www.icmarkets.com/global/en/forex-trading-tools/mam-pamm9d13.html]
[www.icmarkets.com/css/pages/virtual-private-serverafaa.css]
[www.icmarkets.com/global/en/forex-trading-tools/virtual-private-server.html]
[www.icmarkets.com/global/en/forex-trading-tools/virtual-private-server9d13.html]
[www.icmarkets.com/css/pages/trading-servers3ef9.css]
[www.icmarkets.com/global/en/forex-trading-tools/trading-servers.html]
[www.icmarkets.com/global/en/forex-trading-tools/trading-servers9d13.html]
[www.icmarkets.com/css/pages/mt4-advanced-trading-tools8919.css]
[www.icmarkets.com/global/en/forex-trading-tools/mt4-advanced-trading-tools9d13.html]
[www.icmarkets.com/global/en/forex-trading-tools/mt4-advanced-trading-tools.html]
[www.icmarkets.com/css/pages/about-icmarketsdf5f.css]
[www.icmarkets.com/global/en/forex-trading-tools/mt4-advanced-tools.html]
[www.icmarkets.com/global/en/company/about-icmarkets.html]
[www.icmarkets.com/global/en/company/about-icmarkets9d13.html]
[www.icmarkets.com/css/pages/regulation2910.css]
[www.icmarkets.com/global/en/company/regulation.html]
[www.icmarkets.com/global/en/company/regulation9d13.html]
[www.icmarkets.com/css/pages/insurance2c98.css]
[www.icmarkets.com/global/en/company/insurance9d13.html]
[www.icmarkets.com/assets/img/insurance/certificate_icon2.png]
[www.icmarkets.com/global/en/company/insurance.html]
[www.icmarkets.com/css/pages/education-overviewed6c.css]
[www.icmarkets.com/global/en/education/education-overview.html]
[www.icmarkets.com/global/en/education/education-overview9d13.html]
[www.icmarkets.com/css/pages/advantages-of-forex2a39.css]
[www.icmarkets.com/global/en/education/advantages-of-forex.html]
[www.icmarkets.com/global/en/education/advantages-of-forex9d13.html]
[www.icmarkets.com/css/pages/advantages-of-cfds7482.css]
[www.icmarkets.com/global/en/education/advantages-of-cfds.html]
[www.icmarkets.com/global/en/education/advantages-of-cfds9d13.html]
[www.icmarkets.com/css/pages/video-tutorialsdf69.css]
[www.icmarkets.com/global/en/education/video-tutorials.html]
[www.icmarkets.com/global/en/education/video-tutorials9d13.html]
[www.icmarkets.com/global/en/education/web-tv.html]
[www.icmarkets.com/global/en/education/web-tv9d13.html]
[www.icmarkets.com/css/pages/help-centrea903.css]
[www.icmarkets.com/img/zen_desk_chat/launcher-cloud.png]
[www.icmarkets.com/global/en/help-resources/help-centre9d13.html]
[static.zdassets.com/ekr/snippet63c2.js]
[www.icmarkets.com/global/en/help-resources/help-centre.html]
[www.icmarkets.com/css/pages/forex-calculatorse703.css]
[www.icmarkets.com/css/components/forex-calculators/css/bundle21e3.css]
[www.icmarkets.com/global/en/help-resources/forex-calculators.html]
[www.icmarkets.com/global/en/help-resources/forex-calculators9d13.html]
[www.icmarkets.com/css/pages/economic-calendareefd.css]
[www.icmarkets.com/global/en/help-resources/economic-calendar.html]
[www.icmarkets.com/global/en/help-resources/economic-calendar9d13.html]
[www.icmarkets.com/css/pages/forex-glossary0045.css]
[www.icmarkets.com/global/en/help-resources/forex-glossary.html]
[www.icmarkets.com/css/pages/teamviewer6043.css]
[www.icmarkets.com/global/en/help-resources/teamviewer9d13.html]
[www.icmarkets.com/assets/img/teamviewer/teamhelp.png]
[www.icmarkets.com/assets/img/teamviewer/checkmark2.png]
[www.icmarkets.com/assets/img/teamviewer/support1.png]
[www.icmarkets.com/assets/img/teamviewer/support2.png]
[www.icmarkets.com/assets/img/teamviewer/support3.png]
[www.icmarkets.com/assets/img/teamviewer/provider1.png]
[www.icmarkets.com/assets/img/teamviewer/provider2.png]
[www.icmarkets.com/assets/img/teamviewer/provider3.png]
[www.icmarkets.com/global/en/help-resources/teamviewer.html]
[www.icmarkets.com/css/pages/legal-documents0519.css]
[www.icmarkets.com/global/en/company/legal-documents9d13.html]
[www.icmarkets.com/global/en/company/legal-documents.html]
[www.icmarkets.com/css/components/popup-special5731.css]
[www.icmarkets.com/global/en/help-resources/help-centreb422.html]
[www.icmarkets.com/global/en/help-resources/help-centre1508.html]
[www.icmarkets.com/global/en/help-resources/help-centre91a4.html]
[www.icmarkets.com/global/en/company/dispute-resolution.html]
[www.icmarkets.com/global/en/help-resources/help-centre91d8.html]
[www.icmarkets.com/global/en/help-resources/help-centre7096.html]
[www.icmarkets.com/global/en/help-resources/help-centre6034.html]
[www.icmarkets.com/global/en/help-resources/help-centre6c10.html]
[www.icmarkets.com/global/en/help-resources/help-centre72ac.html]
[www.icmarkets.com/global/en/help-resources/help-centre2265.html]
[www.icmarkets.com/global/en/help-resources/help-centre8d48.html]
[www.icmarkets.com/global/en/help-resources/help-centre2d89.html]
[www.icmarkets.com/global/en/help-resources/help-centre253d.html]
[www.icmarkets.com/global/en/help-resources/help-centre5213.html]
[www.icmarkets.com/global/en/help-resources/help-centre8cc8.html]
[www.icmarkets.com/global/en/help-resources/help-centre7cc7.html]
[www.icmarkets.com/global/en/help-resources/help-centredf62.html]
[www.googletagmanager.com/gtm5445.html]
[www.icmarkets.com/global/en/constants.166.delayed]
[www.icmarkets.com/global/en/xhr.js]
[www.icmarkets.com/global/en/GET]
[www.icmarkets.com/global/en/lib/widget-management.js]
[widget.trustpilot.com/bootstrap/v5/tp.widget.bootstrap.min.js]
[www.icmarkets.com/global/en/css/_/assets/img/single_market_page/icon-market.html]
[www.icmarkets.com/global/en/css/_/assets/img/single_market_page/forex-small.html]
[www.icmarkets.com/global/en/css/_/assets/img/single_market_page/comodity-small.html]
[www.icmarkets.com/global/en/css/_/assets/img/single_market_page/indice-small.html]
[www.icmarkets.com/global/en/css/_/assets/img/single_market_page/bond-small.html]
[www.icmarkets.com/global/en/css/_/assets/img/single_market_page/btc-small.html]
[www.icmarkets.com/global/en/css/_/assets/img/single_market_page/stock-small.html]
[www.icmarkets.com/global/en/c.html]
[www.icmarkets.com/global/en/b.html]
[www.icmarkets.com/global/en/POST.html]
[www.icmarkets.com/icm-open-account/css/font-awesome.mina1c0.css]
[www.icmarkets.com/icm-open-account/css/jquery.mCustomScrollbar.min125b.css]
[www.icmarkets.com/global/en/path=/index.html]
[www.icmarkets.com/icm-open-account/icons/flag_sprite.png]
[www.icmarkets.com/icm-open-account/icons/reg_modal_icon.jpg]
[www.icmarkets.com/icm-open-account/css/icm-open-account-bundlea65d.css]
[www.icmarkets.com/global/en/icm-open-account/css/_/assets/icm-open-account/images/oval.svg]
[www.icmarkets.com/global/en/icm-open-account/css/_/assets/icm-open-account/images/icon1.png]
[www.icmarkets.com/global/en/icm-open-account/css/_/assets/icm-open-account/images/transparent-bg.png]
[www.icmarkets.com/icm-open-account/css/landing-page-template-bundleada9.css]
[www.icmarkets.com/img/single_market_page/dot-bg.png]
[www.icmarkets.com/global/en/icm-open-account/css/_/assets/img/single_market_page/icon-market.png]
[www.icmarkets.com/global/en/icm-open-account/css/_/assets/img/single_market_page/forex-small.png]
[www.icmarkets.com/global/en/icm-open-account/css/_/assets/img/single_market_page/comodity-small.png]
[www.icmarkets.com/global/en/icm-open-account/css/_/assets/img/single_market_page/indice-small.png]
[www.icmarkets.com/global/en/icm-open-account/css/_/assets/img/single_market_page/bond-small.png]
[www.icmarkets.com/global/en/icm-open-account/css/_/assets/img/single_market_page/btc-small.png]
[www.icmarkets.com/global/en/icm-open-account/css/_/assets/img/single_market_page/stock-small.png]
[www.icmarkets.com/global/en/icm-open-account/css/_/img/single_market_page/footBanr.png]
[www.icmarkets.com/icm-open-account/img/live-banner.png]
[www.icmarkets.com/icm-open-account/img/live-btm-bg.png]
[www.icmarkets.com/icm-open-account/img/platform-mt4.png]
[www.icmarkets.com/icm-open-account/img/platform-ctrader.png]
[www.icmarkets.com/icm-open-account/css/static-livee289.css]
[www.icmarkets.com/css/components/maintenanced119.css]
[www.icmarkets.com/css/components/popup-modal8bca.css]
[www.icmarkets.com/global/en/open-trading-account/live9d13.html]
[connect.facebook.net/en_US/sdk.js]
[www.icmarkets.com/icm-open-account/img/demo-banner.png]
[www.icmarkets.com/icm-open-account/img/demo-btm-bg.png]
[www.icmarkets.com/icm-open-account/css/static-demo302b.css]
[www.icmarkets.com/global/en/open-trading-account/demo9d13.html]
[www.icmarkets.com/global/en/css/icons/svg/Dropdown.png]
[www.icmarkets.com/global/en/css/icm-open-account/img/platform-mt5.png]
[www.icmarkets.com/assets/img/single_market_page/contact-us-building-1.png]
[www.icmarkets.com/assets/img/single_market_page/contact-us-building-2.png]
[www.icmarkets.com/assets/img/single_market_page/contact-us-building-3.png]
[www.icmarkets.com/assets/img/single_market_page/contact-us-building.png]
[www.icmarkets.com/assets/img/single_market_page/contact-us-mailbox.png]
[www.icmarkets.com/assets/img/single_market_page/contact-us-call.png]
[www.icmarkets.com/assets/img/single_market_page/contact-us-mail.png]
[www.icmarkets.com/assets/img/single_market_page/contact-us-clock.png]
[www.icmarkets.com/assets/img/single_market_page/contact-us-docs.png]
[www.icmarkets.com/assets/img/single_market_page/contact-us-email.png]
[www.icmarkets.com/assets/img/single_market_page/contact-us-callback.png]
[www.icmarkets.com/assets/img/single_market_page/contact-us-global.png]
[www.icmarkets.com/assets/img/single_market_page/contact-us-banner.jpg]
[www.icmarkets.com/assets/img/single_market_page/contact-us-btm-bg.png]
[www.icmarkets.com/css/pages/contact-us4cec.css]
[www.icmarkets.com/css/components/contact-us-form646a.css]
[www.icmarkets.com/global/en/company/contact-us9d13.html]
[www.icmarkets.com/global/en/css/pages/_/assets/img/single_market_page/icon-market.png]
[www.icmarkets.com/global/en/css/pages/_/assets/img/single_market_page/forex-small.png]
[www.icmarkets.com/global/en/css/pages/_/assets/img/single_market_page/comodity-small.png]
[www.icmarkets.com/global/en/css/pages/_/assets/img/single_market_page/indice-small.png]
[www.icmarkets.com/global/en/css/pages/_/assets/img/single_market_page/bond-small.png]
[www.icmarkets.com/global/en/css/pages/_/assets/img/single_market_page/btc-small.png]
[www.icmarkets.com/global/en/css/pages/_/assets/img/single_market_page/stock-small.png]
[www.icmarkets.com/assets/img/single_market_page/why-icmarkets-facts-bg.png]
[www.icmarkets.com/assets/img/true-logo.png]
[www.icmarkets.com/assets/img/single_market_page/why-icmarkets-live-chat.png]
[www.icmarkets.com/assets/img/single_market_page/why-icmarkets-email-support.png]
[www.icmarkets.com/assets/img/single_market_page/why-icmarkets-banner.jpg]
[www.icmarkets.com/assets/img/single_market_page/why-icmarkets-btm-bg.png]
[www.icmarkets.com/assets/img/single_market_page/trading-hours-hours.png]
[www.icmarkets.com/css/pages/why-icmarketsa45e.css]
[www.icmarkets.com/global/en/company/why-icmarkets9d13.html]
[www.icmarkets.com/assets/img/single_market_page/banner1.png]
[www.icmarkets.com/assets/img/single_market_page/icon-futures.png]
[www.icmarkets.com/css/pages/range-of-markets192e.css]
[www.icmarkets.com/global/en/trading-markets/range-of-markets9d13.html]
[www.icmarkets.com/assets/img/single_market_page/spreads-banner.jpg]
[www.icmarkets.com/assets/img/single_market_page/mt5-btm-bg.png]
[www.icmarkets.com/assets/img/single_market_page/spreads-spread.png]
[www.icmarkets.com/css/pages/spreadsdf71.css]
[www.icmarkets.com/css/components/forex-spread-tableae87.css]
[www.icmarkets.com/css/components/spread-table-component11a4.css]
[www.icmarkets.com/css/components/commodities-spread-table57d8.css]
[www.icmarkets.com/css/components/indices-spread-table99ad.css]
[www.icmarkets.com/css/components/metals-spread-tabled35d.css]
[www.icmarkets.com/css/components/bonds-spread-tablef30c.css]
[www.icmarkets.com/css/components/cryptocurrency-spread-tablee35a.css]
[www.icmarkets.com/global/en/trading-pricing/spreads9d13.html]
[www.icmarkets.com/assets/img/single_market_page/forex-trading-banner.jpg]
[www.icmarkets.com/assets/img/single_market_page/forex-trading-btm-bg.png]
[www.icmarkets.com/css/pages/forex-trading3ff5.css]
[www.icmarkets.com/global/en/introduction/forex-trading9d13.html]
[www.icmarkets.com/assets/img/single_market_page/account_funding_btm_cta_bg.png]
[www.icmarkets.com/css/pages/fundingd310.css]
[www.icmarkets.com/assets/img/payments/skrill.png]
[www.icmarkets.com/assets/img/payments/union_pay.png]
[www.icmarkets.com/assets/img/payments/visa.png]
[www.icmarkets.com/assets/img/payments/webmoney.png]
[www.icmarkets.com/assets/img/payments/wire_transfer.png]
[www.icmarkets.com/assets/img/payments/bpay.png]
[www.icmarkets.com/assets/img/payments/broker_to_broker.png]
[www.icmarkets.com/assets/img/payments/fasa_pay.png]
[www.icmarkets.com/assets/img/payments/local_bank_transfer.png]
[www.icmarkets.com/assets/img/payments/master.png]
[www.icmarkets.com/assets/img/payments/neteller.png]
[www.icmarkets.com/assets/img/payments/neteller_vip.png]
[www.icmarkets.com/assets/img/payments/paypal.png]
[www.icmarkets.com/assets/img/payments/poli.png]
[www.icmarkets.com/assets/img/payments/thai.png]
[www.icmarkets.com/assets/img/payments/viet.png]
[www.icmarkets.com/assets/img/payments/rapidpay.png]
[www.icmarkets.com/assets/img/payments/klarna.png]
[www.icmarkets.com/assets/img/payments/btcwallet.png]
[www.icmarkets.com/css/components/deposit-card6521.css]
[www.icmarkets.com/global/en/trading-accounts/funding9d13.html]
[www.icmarkets.com/css/pages/funding-netellervip2a94.css]
[www.icmarkets.com/global/en/trading-accounts/funding-netellervip.html]
[www.icmarkets.com/global/en/trading-accounts/funding-netellervip9d13.html]
[www.icmarkets.com/assets/img/single_market_page/withdrawal_btm_cta_bg.png]
[www.icmarkets.com/assets/img/single_market_page/withdrawal_header_bg.jpg]
[www.icmarkets.com/css/pages/withdrawaldf3b.css]
[www.icmarkets.com/global/en/trading-accounts/withdrawal9d13.html]
[www.icmarkets.com/assets/img/single_market_page/mt4-banner.jpg]
[www.icmarkets.com/assets/img/single_market_page/mt4-img.png]
[www.icmarkets.com/assets/img/single_market_page/mt4-btm-bg.png]
[www.icmarkets.com/assets/img/single_market_page/mt4-facts-bg.png]
[www.icmarkets.com/css/pages/metatrader-413eb.css]
[www.icmarkets.com/global/en/forex-trading-platform-metatrader/metatrader-49d13.html]
[www.icmarkets.com/assets/img/single_market_page/ctrader-windows-banner.jpg]
[www.icmarkets.com/assets/img/single_market_page/ctrader-windows-img.png]
[www.icmarkets.com/assets/img/single_market_page/ctrader-windows-btm-cta-bg.png]
[www.icmarkets.com/assets/img/single_market_page/ctrader-windows-facts-img.png]
[www.icmarkets.com/css/pages/ctrader-windowsb971.css]
[www.icmarkets.com/global/en/forex-trading-platform-ctrader/ctrader-windows9d13.html]
[www.icmarkets.com/css/pages/smart-stop-oute86a.css]
[www.icmarkets.com/global/en/forex-trading-platform-ctrader/smart-stop-out.html]
[www.icmarkets.com/global/en/forex-trading-platform-ctrader/smart-stop-out9d13.html]
[www.icmarkets.com/assets/img/single_market_page/myfxbook-autotrade-banner.jpg]
[www.icmarkets.com/assets/img/single_market_page/myfxbook-autotrade-img.png]
[www.icmarkets.com/css/pages/myfxbook-autotraded3a7.css]
[www.icmarkets.com/global/en/forex-trading-platform/myfxbook-autotrade9d13.html]
[www.icmarkets.com/global/en/open-trading-account/livee1e7.html]
[www.icmarkets.com/assets/img/single_market_page/zulutrade-img.png]
[www.icmarkets.com/assets/img/single_market_page/zulutrade-video-bg.jpg]
[www.icmarkets.com/assets/img/single_market_page/zulutrade-fortune-teller.png]
[www.icmarkets.com/assets/img/single_market_page/zulutrade-blue-mask.png]
[www.icmarkets.com/assets/img/single_market_page/zulutrade-guard.png]
[www.icmarkets.com/assets/img/single_market_page/zulutrade-banner.jpg]
[www.icmarkets.com/css/pages/zulutrade24b5.css]
[www.icmarkets.com/global/en/zulutrade9d13.html]
[www.icmarkets.com/global/en/open-trading-account/livefda2.html]
[www.icmarkets.com/global/en/open-trading-account/livecd9f.html]
[www.icmarkets.com/assets/img/single_market_page/overview-cards-bg.png]
[www.icmarkets.com/assets/img/single_market_page/btm_cta_bg.png]
[www.icmarkets.com/assets/img/single_market_page/commimg.png]
[www.icmarkets.com/css/pages/overview27d6.css]
[www.icmarkets.com/global/en/trading-accounts/overview9d13.html]
[www.icmarkets.com/assets/img/single_market_page/ecn_header_bg.jpg]
[www.icmarkets.com/css/pages/true-ecn-account8ec6.css]
[www.icmarkets.com/global/en/trading-accounts/raw-spread-account9d13.html]
[www.icmarkets.com/assets/img/single_market_page/ctrader-ecn-btm-cta-bg.png]
[www.icmarkets.com/assets/img/single_market_page/ctrader-ecn-banner-bg.jpg]
[www.icmarkets.com/css/pages/ctrader-ecn0774.css]
[www.icmarkets.com/global/en/trading-accounts/ctrader-raw9d13.html]
[www.icmarkets.com/assets/img/single_market_page/standard_btm_cta_bg.png]
[www.icmarkets.com/assets/img/single_market_page/standard_banner_bg.jpg]
[www.icmarkets.com/css/pages/standard-account0e17.css]
[www.icmarkets.com/global/en/trading-accounts/standard-account9d13.html]
[www.icmarkets.com/assets/img/single_market_page/islamic_btm_cta_bg.png]
[www.icmarkets.com/assets/img/single_market_page/islamic_banner_bg.jpg]
[www.icmarkets.com/css/pages/islamic-account20c8.css]
[www.icmarkets.com/global/en/trading-accounts/islamic-account9d13.html]
[www.icmarkets.com/assets/img/single_market_page/forexImg.png]
[www.icmarkets.com/css/pages/forex7f00.css]
[www.icmarkets.com/global/en/trading-markets/forex9d13.html]
[www.icmarkets.com/assets/img/single_market_page/banner2.png]
[www.icmarkets.com/css/pages/commodities549f.css]
[www.icmarkets.com/global/en/trading-markets/commodities9d13.html]
[www.icmarkets.com/assets/img/single_market_page/indicesImg.png]
[www.icmarkets.com/css/pages/indices5d04.css]
[www.icmarkets.com/global/en/trading-markets/indices9d13.html]
[www.icmarkets.com/assets/img/single_market_page/bondsimg.png]
[www.icmarkets.com/css/pages/bondsa91b.css]
[www.icmarkets.com/global/en/trading-markets/bonds9d13.html]
[www.icmarkets.com/assets/img/single_market_page/btc-banner.png]
[www.icmarkets.com/assets/img/single_market_page/cryptoImg.png]
[www.icmarkets.com/assets/img/single_market_page/btc-color.png]
[www.icmarkets.com/assets/img/single_market_page/ethereum-color.png]
[www.icmarkets.com/assets/img/single_market_page/dash-color.png]
[www.icmarkets.com/assets/img/single_market_page/lite-color.png]
[www.icmarkets.com/assets/img/single_market_page/btc-cash-color.png]
[www.icmarkets.com/assets/img/single_market_page/rippleIcon.png]
[www.icmarkets.com/assets/img/single_market_page/eos-icon.jpg]
[www.icmarkets.com/assets/img/single_market_page/emc-icon.jpg]
[www.icmarkets.com/assets/img/single_market_page/nmc-icon.jpg]
[www.icmarkets.com/assets/img/single_market_page/ppc-icon.jpg]
[www.icmarkets.com/assets/img/single_market_page/dot-icon.png]
[www.icmarkets.com/assets/img/single_market_page/xlm-icon.png]
[www.icmarkets.com/assets/img/single_market_page/lnk-icon.png]
[www.icmarkets.com/assets/img/single_market_page/dgc-icon.png]
[www.icmarkets.com/assets/img/single_market_page/tzs-icon.png]
[www.icmarkets.com/assets/img/single_market_page/usp-icon.png]
[www.icmarkets.com/assets/img/single_market_page/cdo-icon.png]
[www.icmarkets.com/assets/img/single_market_page/bnc-icon.png]
[www.icmarkets.com/css/pages/cryptocurrencye71d.css]
[www.icmarkets.com/global/en/trading-markets/digitalcurrency9d13.html]
[www.icmarkets.com/assets/img/single_market_page/stckimg.png]
[www.icmarkets.com/css/pages/stocks2e6a.css]
[www.icmarkets.com/css/components/stocks1-table4427.css]
[www.icmarkets.com/css/components/stocks2-tablec5c9.css]
[www.icmarkets.com/css/components/stocks3-tablec761.css]
[www.icmarkets.com/global/en/trading-markets/stocks9d13.html]
[www.icmarkets.com/css/pages/futures5c40.css]
[www.icmarkets.com/global/en/trading-markets/futures9d13.html]
[www.icmarkets.com/assets/img/single_market_page/trading-conditions-btm-bg.png]
[www.icmarkets.com/assets/img/single_market_page/trading-conditions-spreads.png]
[www.icmarkets.com/assets/img/single_market_page/trading-conditions-execution.png]
[www.icmarkets.com/assets/img/single_market_page/trading-conditions-margin.png]
[www.icmarkets.com/assets/img/single_market_page/trading-conditions-currency.png]
[www.icmarkets.com/assets/img/single_market_page/trading-conditions-swaps.png]
[www.icmarkets.com/assets/img/single_market_page/trading-conditions-hours.png]
[www.icmarkets.com/css/pages/trading-conditions9f2f.css]
[www.icmarkets.com/global/en/trading-pricing/trading-conditions9d13.html]
[www.icmarkets.com/assets/img/single_market_page/trading-hours-facts-bg.png]
[www.icmarkets.com/assets/img/single_market_page/trading-hours-banner.jpg]
[www.icmarkets.com/assets/img/single_market_page/trading-hours-chat.png]
[www.icmarkets.com/assets/img/single_market_page/trading-hours-email.png]
[www.icmarkets.com/css/pages/trading-hoursd538.css]
[www.icmarkets.com/global/en/trading-pricing/trading-hours9d13.html]
[www.icmarkets.com/assets/img/single_market_page/swap-rates-banner.jpg]
[www.icmarkets.com/assets/img/single_market_page/swap-rates-chat.png]
[www.icmarkets.com/assets/img/single_market_page/swap-rates-email.png]
[www.icmarkets.com/assets/img/single_market_page/swap-rates-list.png]
[www.icmarkets.com/assets/img/single_market_page/swap-rates-swaps.png]
[www.icmarkets.com/css/pages/swap-rates46a3.css]
[www.icmarkets.com/global/en/trading-pricing/swap-rates9d13.html]
[www.icmarkets.com/assets/img/single_market_page/mt5-img.png]
[www.icmarkets.com/assets/img/single_market_page/mt5-facts-bg.png]
[www.icmarkets.com/css/pages/metatrader-58dcf.css]
[www.icmarkets.com/global/en/forex-trading-platform-metatrader/metatrader-59d13.html]
[www.icmarkets.com/assets/img/single_market_page/mt-web-banner.jpg]
[www.icmarkets.com/assets/img/single_market_page/mt-web-img.png]
[www.icmarkets.com/assets/img/single_market_page/mt-web-btm-bg.png]
[www.icmarkets.com/assets/img/single_market_page/mt-web-facts-bg.png]
[www.icmarkets.com/css/pages/metatrader-web9380.css]
[www.icmarkets.com/global/en/forex-trading-platform-metatrader/web-trader9d13.html]
[www.icmarkets.com/assets/img/single_market_page/mt-ios-banner.jpg]
[www.icmarkets.com/assets/img/single_market_page/mt-ios-img.png]
[www.icmarkets.com/assets/img/single_market_page/mt-ios-btm-bg.png]
[www.icmarkets.com/assets/img/single_market_page/mt-ios-facts-bg.png]
[www.icmarkets.com/css/pages/metatrader-iphone1bb5.css]
[www.icmarkets.com/global/en/forex-trading-platform-metatrader/iphone9d13.html]
[www.icmarkets.com/assets/img/single_market_page/mt-android-banner.jpg]
[www.icmarkets.com/assets/img/single_market_page/mt-android-img.png]
[www.icmarkets.com/assets/img/single_market_page/mt-android-btm-bg.png]
[www.icmarkets.com/assets/img/single_market_page/mt-android-facts-bg.png]
[www.icmarkets.com/css/pages/metatrader-android0706.css]
[www.icmarkets.com/global/en/forex-trading-platform-metatrader/android9d13.html]
[www.icmarkets.com/assets/img/single_market_page/mt-macos-banner.jpg]
[www.icmarkets.com/assets/img/single_market_page/mt-macos-img.png]
[www.icmarkets.com/assets/img/single_market_page/mt-macos-btm-bg.png]
[www.icmarkets.com/assets/img/single_market_page/mt-macos-facts-bg.png]
[www.icmarkets.com/css/pages/metatrader-mac168f.css]
[www.icmarkets.com/global/en/forex-trading-platform-metatrader/apple-mac9d13.html]
[www.icmarkets.com/assets/img/single_market_page/ctrader-web-banner.jpg]
[www.icmarkets.com/assets/img/single_market_page/ctrader-web-img.png]
[www.icmarkets.com/assets/img/single_market_page/ctrader-web-btm-cta-bg.png]
[www.icmarkets.com/assets/img/single_market_page/ctrader-web-facts-bg.png]
[www.icmarkets.com/css/pages/ctrader-webadfd.css]
[www.icmarkets.com/global/en/forex-trading-platform-ctrader/ctrader-web9d13.html]
[www.icmarkets.com/assets/img/single_market_page/ctrader-iphone-banner.jpg]
[www.icmarkets.com/assets/img/single_market_page/ctrader-iphone-img.png]
[www.icmarkets.com/assets/img/single_market_page/ctrader-iphone-btm-cta-bg.png]
[www.icmarkets.com/assets/img/single_market_page/ctrader-iphone-facts-img.png]
[www.icmarkets.com/css/pages/ctrader-iphoneb72a.css]
[www.icmarkets.com/global/en/forex-trading-platform-ctrader/ctrader-iphone9d13.html]
[www.icmarkets.com/assets/img/single_market_page/ctrader-android-banner.jpg]
[www.icmarkets.com/assets/img/single_market_page/ctrader-android-img.png]
[www.icmarkets.com/assets/img/single_market_page/ctrader-android-btm-cta-bg.png]
[www.icmarkets.com/assets/img/single_market_page/ctrader-android-facts-img.png]
[www.icmarkets.com/css/pages/ctrader-android3e37.css]
[www.icmarkets.com/global/en/forex-trading-platform-ctrader/ctrader-android9d13.html]
[www.icmarkets.com/assets/img/single_market_page/ctrader-calgo-banner.jpg]
[www.icmarkets.com/assets/img/single_market_page/download-calgo.png]
[www.icmarkets.com/assets/img/single_market_page/ctrader-calgo-btm-cta-bg.png]
[www.icmarkets.com/assets/img/single_market_page/ctrader-calgo-facts-img.png]
[www.icmarkets.com/css/pages/calgo8b18.css]
[www.icmarkets.com/global/en/forex-trading-platform-ctrader/calgo9d13.html]
[www.icmarkets.com/assets/img/single_market_page/mam-pamm-banner.jpg]
[www.icmarkets.com/assets/img/single_market_page/mam-pamm-btm-bg.png]
[www.icmarkets.com/assets/img/single_market_page/mam-pamm-facts-bg.png]
[www.icmarkets.com/css/pages/mam-pamm2f2f.css]
[www.icmarkets.com/global/en/forex-trading-tools/mam-pamm9d13.html]
[www.icmarkets.com/assets/img/single_market_page/virtual-private-server-imgcn.png]
[www.icmarkets.com/assets/img/single_market_page/virtual-private-server-img1.png]
[www.icmarkets.com/assets/img/single_market_page/virtual-private-server-img2.png]
[www.icmarkets.com/assets/img/single_market_page/virtual-private-server-img3.png]
[www.icmarkets.com/assets/img/vps/nyc_servers.png]
[www.icmarkets.com/assets/img/single_market_page/virtual-private-server-facts-bg.png]
[www.icmarkets.com/assets/img/single_market_page/virtual-private-server-banner.jpg]
[www.icmarkets.com/assets/img/single_market_page/virtual-private-server-btm-bg.jpg]
[www.icmarkets.com/css/pages/virtual-private-serverafaa.css]
[www.icmarkets.com/global/en/forex-trading-tools/virtual-private-server9d13.html]
[www.icmarkets.com/assets/img/single_market_page/trading-servers-facts-bg.png]
[www.icmarkets.com/assets/img/single_market_page/trading-servers-banner.jpg]
[www.icmarkets.com/assets/img/single_market_page/trading-servers-btm-bg.png]
[www.icmarkets.com/css/pages/trading-servers3ef9.css]
[www.icmarkets.com/global/en/forex-trading-tools/trading-servers9d13.html]
[www.icmarkets.com/assets/img/single_market_page/api-trading-facts-bg.png]
[www.icmarkets.com/assets/img/single_market_page/api-trading-banner.jpg]
[www.icmarkets.com/assets/img/single_market_page/api-trading-btm-bg.png]
[www.icmarkets.com/assets/img/tools/01.png]
[www.icmarkets.com/assets/img/tools/02.png]
[www.icmarkets.com/assets/img/tools/03.png]
[www.icmarkets.com/assets/img/tools/04.png]
[www.icmarkets.com/assets/img/tools/05.png]
[www.icmarkets.com/assets/img/tools/06.png]
[www.icmarkets.com/assets/img/tools/07.png]
[www.icmarkets.com/assets/img/tools/08.png]
[www.icmarkets.com/assets/img/tools/09.png]
[www.icmarkets.com/assets/img/tools/10.png]
[www.icmarkets.com/assets/img/tools/11.png]
[www.icmarkets.com/assets/img/tools/12.png]
[www.icmarkets.com/css/pages/mt4-advanced-trading-tools8919.css]
[www.icmarkets.com/global/en/forex-trading-tools/mt4-advanced-trading-tools9d13.html]
[www.icmarkets.com/css/pages/mt4-advanced-toolsd93a.css]
[www.icmarkets.com/global/en/forex-trading-tools/mt4-advanced-tools.html]
[www.icmarkets.com/global/en/forex-trading-tools/mt4-advanced-tools9d13.html]
[www.icmarkets.com/assets/img/single_market_page/refer-a-friend-live-chat.png]
[www.icmarkets.com/assets/img/single_market_page/refer-a-friend-email-support.png]
[www.icmarkets.com/assets/img/single_market_page/about-us-facts-bg.png]
[www.icmarkets.com/assets/img/single_market_page/about-us-banner.png]
[www.icmarkets.com/assets/img/single_market_page/about-us-btm-bg.png]
[www.icmarkets.com/css/pages/about-icmarketsdf5f.css]
[www.icmarkets.com/global/en/company/about-icmarkets9d13.html]
[www.icmarkets.com/assets/img/single_market_page/regulation-facts-bg.png]
[www.icmarkets.com/assets/img/single_market_page/regulation-banner.jpg]
[www.icmarkets.com/assets/img/single_market_page/regulation-btm-bg.png]
[www.icmarkets.com/css/pages/regulation2910.css]
[www.icmarkets.com/global/en/company/regulation9d13.html]
[www.icmarkets.com/assets/img/teamviewer/step1.png]
[www.icmarkets.com/assets/img/insurance/insurancebanner.png]
[www.icmarkets.com/css/pages/insurance2c98.css]
[www.icmarkets.com/global/en/company/insurance9d13.html]
[www.icmarkets.com/assets/img/single_market_page/education-overview-facts-bg.png]
[www.icmarkets.com/assets/img/single_market_page/education-overview-live-chat.png]
[www.icmarkets.com/assets/img/single_market_page/education-overview-email-support.png]
[www.icmarkets.com/assets/img/single_market_page/education-overview-banner.jpg]
[www.icmarkets.com/assets/img/single_market_page/education-overview-btm-bg.png]
[www.icmarkets.com/css/pages/education-overviewed6c.css]
[www.icmarkets.com/global/en/education/education-overview9d13.html]
[www.icmarkets.com/assets/img/single_market_page/advantages-of-forex-facts-bg.png]
[www.icmarkets.com/assets/img/single_market_page/advantages-of-forex-live-chat.png]
[www.icmarkets.com/assets/img/single_market_page/advantages-of-forex-email-support.png]
[www.icmarkets.com/assets/img/single_market_page/advantages-of-forex-banner.jpg]
[www.icmarkets.com/assets/img/single_market_page/advantages-of-forex-btm-bg.png]
[www.icmarkets.com/css/pages/advantages-of-forex2a39.css]
[www.icmarkets.com/global/en/education/advantages-of-forex9d13.html]
[www.icmarkets.com/assets/img/single_market_page/advantages-of-cfds-facts-bg.png]
[www.icmarkets.com/assets/img/single_market_page/advantages-of-cfds-live-chat.png]
[www.icmarkets.com/assets/img/single_market_page/advantages-of-cfds-email-support.png]
[www.icmarkets.com/assets/img/single_market_page/advantages-of-cfds-banner.jpg]
[www.icmarkets.com/assets/img/single_market_page/advantages-of-cfds-btm-bg.png]
[www.icmarkets.com/css/pages/advantages-of-cfds7482.css]
[www.icmarkets.com/global/en/education/advantages-of-cfds9d13.html]
[www.icmarkets.com/assets/img/single_market_page/video-tutorials-banner.jpg]
[www.icmarkets.com/assets/img/single_market_page/video-tutorials-btm-bg.png]
[www.icmarkets.com/assets/img/single_market_page/video-tutorials-play.png]
[www.icmarkets.com/css/pages/video-tutorialsdf69.css]
[www.icmarkets.com/global/en/education/video-tutorials9d13.html]
[www.icmarkets.com/global/en/education/web-tv9d13.html]
[www.icmarkets.com/assets/img/single_market_page/help-centre-chat.png]
[www.icmarkets.com/assets/img/single_market_page/help-centre-email.png]
[www.icmarkets.com/assets/img/single_market_page/help-centre-callback.png]
[www.icmarkets.com/assets/img/single_market_page/help-centre-btm-bg.png]
[www.icmarkets.com/css/pages/help-centrea903.css]
[www.icmarkets.com/global/en/help-resources/help-centre9d13.html]
[www.icmarkets.com/assets/img/single_market_page/forex-calculators-banner.png]
[www.icmarkets.com/assets/img/single_market_page/forex-calculators-btm-bg.png]
[www.icmarkets.com/assets/img/single_market_page/careers-quote.png]
[www.icmarkets.com/css/pages/forex-calculatorse703.css]
[www.icmarkets.com/css/components/forex-calculators/css/fonts/snfs_semibold.ttf]
[chatwidget.icmarkets-resources.com/zendesk-v1.js]
[www.icmarkets.com/css/components/forex-calculators/css/fonts/snfs_regular.ttf]
[www.icmarkets.com/css/components/forex-calculators/img/ny_bw.jpg]
[www.icmarkets.com/css/components/forex-calculators/css/bundle21e3.css]
[www.icmarkets.com/global/en/help-resources/forex-calculators9d13.html]
[www.icmarkets.com/assets/img/single_market_page/economic-calendar-banner.jpg]
[www.icmarkets.com/assets/img/single_market_page/economic-calendar-btm-bg.png]
[www.icmarkets.com/css/pages/economic-calendareefd.css]
[www.icmarkets.com/global/en/help-resources/economic-calendar9d13.html]
[www.icmarkets.com/assets/img/single_market_page/glossary-banner.jpg]
[www.icmarkets.com/assets/img/single_market_page/glossary-btm-bg.png]
[www.icmarkets.com/css/pages/forex-glossary0045.css]
[www.icmarkets.com/global/en/help-resources/forex-glossary9d13.html]
[www.icmarkets.com/assets/img/teamviewer/homebanner.png]
[www.icmarkets.com/css/pages/teamviewer6043.css]
[www.icmarkets.com/global/en/help-resources/teamviewer9d13.html]
[www.icmarkets.com/assets/img/single_market_page/legal-documents-facts-bg.png]
[www.icmarkets.com/assets/img/single_market_page/legal-documents-banner.jpg]
[www.icmarkets.com/assets/img/single_market_page/legal-documents-btm-bg.png]
[www.icmarkets.com/css/pages/legal-documents0519.css]
[www.icmarkets.com/global/en/company/legal-documents9d13.html]
[www.icmarkets.com/css/pages/dispute-resolutiona0e9.css]
[www.icmarkets.com/global/en/company/dispute-resolution.html]
[www.icmarkets.com/global/en/constants.html]
[www.icmarkets.com/global/en/xhr.html]
[www.icmarkets.com/global/en/path=/index.html]
[www.icmarkets.com/global/en/GET.html]
[www.icmarkets.com/global/en/lib/widget-management.html]
[www.icmarkets.com/global/en/icm-open-account/css/_/assets/icm-open-account/images/oval.html]
[www.icmarkets.com/global/en/icm-open-account/css/_/assets/icm-open-account/images/icon1.html]
[www.icmarkets.com/global/en/icm-open-account/css/_/assets/icm-open-account/images/transparent-bg.html]
[www.icmarkets.com/global/en/icm-open-account/css/_/assets/img/single_market_page/icon-market.html]
[www.icmarkets.com/global/en/icm-open-account/css/_/assets/img/single_market_page/forex-small.html]
[www.icmarkets.com/global/en/icm-open-account/css/_/assets/img/single_market_page/comodity-small.html]
[www.icmarkets.com/global/en/icm-open-account/css/_/assets/img/single_market_page/indice-small.html]
[www.icmarkets.com/global/en/icm-open-account/css/_/assets/img/single_market_page/bond-small.html]
[www.icmarkets.com/global/en/icm-open-account/css/_/assets/img/single_market_page/btc-small.html]
[www.icmarkets.com/global/en/icm-open-account/css/_/assets/img/single_market_page/stock-small.html]
[www.icmarkets.com/global/en/icm-open-account/css/_/img/single_market_page/footBanr.html]
[www.icmarkets.com/global/en/css/icons/svg/Dropdown.html]
[www.icmarkets.com/global/en/css/icm-open-account/img/platform-mt5.html]
[www.icmarkets.com/global/en/css/pages/_/assets/img/single_market_page/icon-market.html]
[www.icmarkets.com/global/en/css/pages/_/assets/img/single_market_page/forex-small.html]
[www.icmarkets.com/global/en/css/pages/_/assets/img/single_market_page/comodity-small.html]
[www.icmarkets.com/global/en/css/pages/_/assets/img/single_market_page/indice-small.html]
[www.icmarkets.com/global/en/css/pages/_/assets/img/single_market_page/bond-small.html]
[www.icmarkets.com/global/en/css/pages/_/assets/img/single_market_page/btc-small.html]
[www.icmarkets.com/global/en/css/pages/_/assets/img/single_market_page/stock-small.html]
[www.icmarkets.com/global/en/company/dispute-resolution9d13.html]
[www.icmarkets.com/assets/img/single_market_page/netellervip-img.png]
[www.icmarkets.com/assets/img/single_market_page/netellervip-banner.jpg]
[www.icmarkets.com/assets/img/single_market_page/netellervip-btm-bg.png]
[www.icmarkets.com/css/pages/funding-netellervip2a94.css]
[www.icmarkets.com/global/en/trading-accounts/funding-netellervip9d13.html]
[www.icmarkets.com/css/pages/smart-stop-oute86a.css]
[www.icmarkets.com/global/en/forex-trading-platform-ctrader/smart-stop-out9d13.html]
[www.icmarkets.com/assets/img/single_market_page/advanced-tools-facts-bg.png]
[www.icmarkets.com/assets/img/single_market_page/advanced-tools-banner.png]
[www.icmarkets.com/assets/img/single_market_page/advanced-tools-btm-bg.png]
[www.icmarkets.com/css/pages/mt4-advanced-toolsd93a.css]
[www.icmarkets.com/global/en/forex-trading-tools/mt4-advanced-tools9d13.html]
[www.icmarkets.com/css/pages/dispute-resolutiona0e9.css]
[www.icmarkets.com/global/en/company/dispute-resolution9d13.html]
