[backblue.gif]
[fade.gif]
[index.html]
[icmarketsgroup.com/index.html]
[icmarketsgroup.com/en.html]
[icmarketsgroup.com/static/favicon.ico]
[icmarketsgroup.com/_next/static/css/e662f8a3faf9d151850a.css]
[icmarketsgroup.com/_next/static/css/3325a4969a140c9b928a.css]
[icmarketsgroup.com/_next/static/css/4fe8076690bb1f613c70.css]
[icmarketsgroup.com/_next/static/chunks/main-ef5be66c73dc0816254d.js]
[icmarketsgroup.com/_next/static/chunks/webpack-eb080e3f091731f228fb.js]
[icmarketsgroup.com/_next/static/chunks/framework.093a8bf388e27a6c2bb9.js]
[icmarketsgroup.com/_next/static/chunks/304464f2.ff5578978733a40a67a3.js]
[icmarketsgroup.com/_next/static/chunks/commons.a8449b9c608fdfd89c03.js]
[icmarketsgroup.com/_next/static/chunks/3ee32a9e2ca406dd83ec4f9a8d88ca57f2e4af5f.da3c1c97334666475960.js]
[icmarketsgroup.com/_next/static/chunks/pages/_app-f6f5d257748d43deb3fa.js]
[icmarketsgroup.com/_next/static/chunks/6a9b8c67c707b43449f2c57a612edb2932794d2e.30951d0958b31c0ba78a.js]
[icmarketsgroup.com/_next/static/chunks/pages/index-429073c079c5a9da83a2.js]
[icmarketsgroup.com/icons/ICM-logo.svg]
[icmarketsgroup.com/en/about.html]
[icmarketsgroup.com/en/regulated-entities.html]
[icmarketsgroup.com/en/careers.html]
[icmarketsgroup.com/en/contact.html]
[icmarketsgroup.com/en/_/img/landing-banner.jpg_]
[icmarketsgroup.com/en/_/img/banner-1.jpg_]
[icmarketsgroup.com/_next/static/chunks/polyfills-a578c3097b36509e7ccf.js]
[icmarketsgroup.com/_next/static/mYX9JPAFMbx3HDXvSPC7v/_buildManifest.js]
[icmarketsgroup.com/_next/static/mYX9JPAFMbx3HDXvSPC7v/_ssgManifest.js]
[icmarketsgroup.com/en.html]
[icmarketsgroup.com/_next/static/css/e662f8a3faf9d151850a.css]
[icmarketsgroup.com/_next/static/media/fa-brands-400.23f19bb08961f37aaf692ff943823453.eot]
[icmarketsgroup.com/_next/static/media/fa-brands-400.23f19bb08961f37aaf692ff943823453d41d.eot]
[icmarketsgroup.com/_next/static/media/fa-brands-400.d878b0a6a1144760244ff0665888404c.woff2]
[icmarketsgroup.com/_next/static/media/fa-brands-400.2285773e6b4b172f07d9b777c81b0775.woff]
[icmarketsgroup.com/_next/static/media/fa-brands-400.527940b104eb2ea366c8630f3f038603.ttf]
[icmarketsgroup.com/_next/static/media/fa-regular-400.77206a6bb316fa0aded5083cc57f92b9.eot]
[icmarketsgroup.com/_next/static/media/fa-brands-400.2f517e09eb2ca6650ff5bec5a95157ab.svg]
[icmarketsgroup.com/_next/static/media/fa-regular-400.77206a6bb316fa0aded5083cc57f92b9d41d.eot]
[icmarketsgroup.com/_next/static/media/fa-regular-400.7a3337626410ca2f40718481c755640f.woff2]
[icmarketsgroup.com/_next/static/media/fa-regular-400.bb58e57c48a3e911f15fa834ff00d44a.woff]
[icmarketsgroup.com/_next/static/media/fa-regular-400.491974d108fe4002b2aaf7ffc48249a0.ttf]
[icmarketsgroup.com/_next/static/media/fa-regular-400.4689f52cc96215721344e51e5831eec1.svg]
[icmarketsgroup.com/_next/static/media/fa-solid-900.9bbb245e67a133f6e486d8d2545e14a5.eot]
[icmarketsgroup.com/_next/static/media/fa-solid-900.9bbb245e67a133f6e486d8d2545e14a5d41d.eot]
[icmarketsgroup.com/_next/static/media/fa-solid-900.1551f4f60c37af51121f106501f69b80.woff2]
[icmarketsgroup.com/_next/static/media/fa-solid-900.eeccf4f66002c6f2ba24d3d22f2434c2.woff]
[icmarketsgroup.com/_next/static/media/fa-solid-900.be9ee23c0c6390141475d519c2c5fb8f.ttf]
[icmarketsgroup.com/_next/static/media/fa-solid-900.7a8b4f130182d19a2d7c67d80c090397.svg]
[icmarketsgroup.com/img/our-story.jpg]
[icmarketsgroup.com/_next/static/css/3325a4969a140c9b928a.css]
[icmarketsgroup.com/_next/static/css/4fe8076690bb1f613c70.css]
[icmarketsgroup.com/icons/ICM-logo.svg]
[icmarketsgroup.com/_next/static/css/4540cbd4b5e158ed1e7c.css]
[icmarketsgroup.com/_next/static/chunks/pages/about-77638be61a03f7fa33fe.js]
[icmarketsgroup.com/en/_/img/about-banner.jpg_]
[icmarketsgroup.com/en/_/img/banner-1.jpg_]
[icmarketsgroup.com/en/about.html]
[icmarketsgroup.com/_next/static/css/ca7b71c5b425d67c5599.css]
[icmarketsgroup.com/_next/static/chunks/pages/regulated-entities-34a0dcbba45a630c1ad5.js]
[icmarketsgroup.com/en/_/img/showcase-regulated-offices.jpg_]
[icmarketsgroup.com/icons/contact_1a.png]
[icmarketsgroup.com/icons/contact_2a.png]
[icmarketsgroup.com/icons/contact_3a.png]
[icmarketsgroup.com/en/regulated-entities.html]
[icmarketsgroup.com/_next/static/css/d7b236486350df39d546.css]
[icmarketsgroup.com/_next/static/chunks/pages/careers-909adb0040f3fe338ca8.js]
[icmarketsgroup.com/en/_/img/careers.jpg_]
[icmarketsgroup.com/en/careers.html]
[icmarketsgroup.com/_next/static/css/b11185a075530b5ce7c0.css]
[icmarketsgroup.com/_next/static/chunks/pages/contact-0e646f2f0b564b7c4e45.js]
[icmarketsgroup.com/en/_/img/showcase-contact.jpg_]
[icmarketsgroup.com/icons/contact_6a.png]
[icmarketsgroup.com/icons/contact_us_gmap.png]
[icmarketsgroup.com/en/contact.html]
[icmarketsgroup.com/en/_/img/landing-banner.html]
[icmarketsgroup.com/en/_/img/banner-1.html]
[icmarketsgroup.com/_next/static/media/fa-brands-400.2f517e09eb2ca6650ff5bec5a95157ab.svg]
[icmarketsgroup.com/_next/static/media/fa-regular-400.4689f52cc96215721344e51e5831eec1.svg]
[icmarketsgroup.com/_next/static/media/fa-solid-900.7a8b4f130182d19a2d7c67d80c090397.svg]
[icmarketsgroup.com/_next/static/css/4540cbd4b5e158ed1e7c.css]
[icmarketsgroup.com/en/_/img/about-banner.html]
[icmarketsgroup.com/en/_/img/banner-2.html]
[icmarketsgroup.com/_next/static/css/ca7b71c5b425d67c5599.css]
[icmarketsgroup.com/en/_/img/showcase-regulated-offices.html]
[icmarketsgroup.com/_next/static/css/d7b236486350df39d546.css]
[icmarketsgroup.com/en/_/img/careers.html]
[icmarketsgroup.com/_next/static/css/b11185a075530b5ce7c0.css]
[icmarketsgroup.com/en/_/img/showcase-contact.html]
